2026-10-05 11:29:41  Run start: 0 ads in CSV, up to 2 pages (first run)
2026-10-05 11:29:50  Page 1: no ads found; stopping
2026-10-05 11:29:50  Run end: 0 new, 0 price changes, 0 total
2026-10-05 11:30:45  Run start: 0 ads in CSV, up to 30 pages (first run)
2026-10-05 11:30:53  Page 1: 28 ads, 28 new
2026-10-05 11:31:02  Page 2: 28 ads, 28 new
2026-10-05 11:31:10  Page 3: 28 ads, 28 new
2026-10-05 11:31:18  Page 4: 28 ads, 28 new
2026-10-05 11:31:26  Page 5: 29 ads, 29 new
2026-10-05 11:31:34  Page 6: 28 ads, 28 new
2026-10-05 11:31:42  Page 7: 29 ads, 29 new
2026-10-05 11:31:50  Page 8: 28 ads, 28 new
2026-10-05 11:32:00  Page 9: 28 ads, 28 new
2026-10-05 11:32:09  Page 10: 29 ads, 28 new
2026-10-05 11:32:17  Page 11: 28 ads, 28 new
2026-10-05 11:32:26  Page 12: 29 ads, 29 new
2026-10-05 11:32:34  Page 13: 28 ads, 28 new
2026-10-05 11:32:41  Page 14: 28 ads, 28 new
2026-10-05 11:32:49  Page 15: 28 ads, 28 new
2026-10-05 11:32:59  Page 16: 28 ads, 28 new
2026-10-05 11:33:06  Page 17: 28 ads, 28 new
2026-10-05 11:33:14  Page 18: 28 ads, 28 new
2026-10-05 11:33:23  Page 19: 28 ads, 28 new
2026-10-05 11:33:33  Page 20: 28 ads, 28 new
2026-10-05 11:33:42  Page 21: 28 ads, 28 new
2026-10-05 11:33:51  Page 22: 28 ads, 28 new
2026-10-05 11:34:00  Page 23: 28 ads, 28 new
2026-10-05 11:34:18  Page 24: 28 ads, 28 new
2026-10-05 11:34:28  Page 25: 28 ads, 28 new
2026-10-05 11:34:37  Page 26: 28 ads, 28 new
2026-10-05 11:34:49  Page 27: 28 ads, 28 new
2026-10-05 11:34:59  Page 28: 28 ads, 28 new
2026-10-05 11:35:08  Page 29: 28 ads, 28 new
2026-10-05 11:35:16  Page 30: 28 ads, 28 new
2026-10-05 11:35:18  Run end: 843 new, 0 price changes, 843 total
2026-10-05 11:36:25  Run start: 839 ads in CSV, up to 30 pages
2026-10-05 11:36:31  Page 1: 28 ads, 0 new
2026-10-05 11:36:31  Page 1: nothing new on 1 page(s); caught up
2026-10-05 11:36:31  Run end: 0 new, 0 price changes, 839 total
2026-10-06 07:03:33  Run start: 839 ads in CSV, up to 30 pages
2026-10-06 07:04:07  Page 1: failed (TimeoutError: Page.wait_for_selector: Timeout 30000ms exceeded.
Call log:
  - waiting for locator("main a[href*='-d']") to be visible
); stopping
2026-10-06 07:04:07  Run end: 0 new, 0 price changes, 839 total
2026-10-06 19:16:19  Run start: 839 ads in CSV, up to 30 pages
2026-10-06 19:16:52  Page 1: failed (TimeoutError: Page.wait_for_selector: Timeout 30000ms exceeded.
Call log:
  - waiting for locator("main a[href*='-d']") to be visible
); stopping
2026-10-06 19:16:53  Run end: 0 new, 0 price changes, 839 total
2026-10-07 06:38:50  Run start: 839 ads in CSV, up to 30 pages
2026-10-07 06:39:23  Page 1: failed (TimeoutError: Page.wait_for_selector: Timeout 30000ms exceeded.
Call log:
  - waiting for locator("main a[href*='-d']") to be visible
); stopping
2026-10-07 06:39:23  Run end: 0 new, 0 price changes, 839 total
2026-10-07 14:09:11  Run start: 839 ads in CSV, up to 30 pages
2026-10-07 14:09:45  Page 1: failed (TimeoutError: Page.wait_for_selector: Timeout 30000ms exceeded.
Call log:
  - waiting for locator("main a[href*='-d']") to be visible
); stopping
2026-10-07 14:09:45  Run end: 0 new, 0 price changes, 839 total
2026-10-07 23:59:54  Run start: 839 ads in CSV, up to 30 pages
2026-10-08 00:00:28  Page 1: failed (TimeoutError: Page.wait_for_selector: Timeout 30000ms exceeded.
Call log:
  - waiting for locator("main a[href*='-d']") to be visible
); stopping
2026-10-08 00:00:28  Run end: 0 new, 0 price changes, 839 total
2026-10-08 06:47:17  Run start: 839 ads in CSV, up to 30 pages
2026-10-08 06:47:52  Page 1: failed (TimeoutError: Page.wait_for_selector: Timeout 30000ms exceeded.
Call log:
  - waiting for locator("main a[href*='-d']") to be visible
); stopping
2026-10-08 06:47:52  Run end: 0 new, 0 price changes, 839 total
2026-10-08 14:16:28  Run start: 839 ads in CSV, up to 30 pages
2026-10-08 14:17:01  Page 1: failed (TimeoutError: Page.wait_for_selector: Timeout 30000ms exceeded.
Call log:
  - waiting for locator("main a[href*='-d']") to be visible
); stopping
2026-10-08 14:17:01  Run end: 0 new, 0 price changes, 839 total
2026-10-09 00:14:15  Run start: 839 ads in CSV, up to 30 pages
2026-10-09 00:14:47  Page 1: failed (TimeoutError: Page.wait_for_selector: Timeout 30000ms exceeded.
Call log:
  - waiting for locator("main a[href*='-d']") to be visible
); stopping
2026-10-09 00:14:47  Run end: 0 new, 0 price changes, 839 total
2026-10-09 06:51:34  Run start: 839 ads in CSV, up to 30 pages
2026-10-09 06:52:06  Page 1: failed (TimeoutError: Page.wait_for_selector: Timeout 30000ms exceeded.
Call log:
  - waiting for locator("main a[href*='-d']") to be visible
); stopping
2026-10-09 06:52:06  Run end: 0 new, 0 price changes, 839 total
